[("watering can", "watering-pot"),
 ("watering-can", "watering-pot"),
 ("gasoline can", "gas-can"),
 ("gasoline tank", "gas-can"),
 ("gas can", "gas-can"),
 ("set", "put"),
 ("sit", ""),
 ("transfer", "carry"),
 ("be", ""),
 ("begin to", ""),
 ("get", "take"),
 ("swing", "carry"),
 ("step", "walk"),
 ("lift", "pick up"),
 ("pretend to", ""),
 ("remove", "take"),
 ("place", "put"),
 ("back", ""),
 ("right side", "right"),
 ("right counter", "right"),
 ("right table", "right"),
 ("left side", "left"),
 ("left counter", "left"),
 ("left table", "left"),
 ("apple juice", "ketchup"),
 ("almond milk", "milk"),
 ("ice-chest", "cooler"),
 ("head of", ""),
 ("tennis table", "table"),
 ("driveway", "ground"),
 ("corner of", ""),
 ("on top of dish", ""),
 ("dish", "bowl"),
 ("ping pong table", "table"),
 ("strainer", "sink"),
 ("blender", "coffee"),
 ("flower", ""),
 ("coffee grinder", "coffee"),
 ("coffee-grinder", "coffee"),
 ("mouthwash", "cleaner"),
 ("grinder", "coffee"),
 ("pourer", "watering-pot"),
 ("floor", "ground"),
 ("ice-chests", "cooler"),
 ("melon", "squash"),
 ("watermelon", "squash"),
 ("carton", "milk"),
 ("plate", "bowl"),
 ("pail", "bucket"),
 ("island", "sink"),
 ("with hand", ""),
 ("with left hand", ""),
 ("with right hand", ""),
 ("left hand", "left"),
 ("right hand", "right"),
 ("vegetable", "cabbage"),
 ("in front of", "near"),
 ("container", "cleaner"),
 ("cardboard box", "box"),
 ("man", "person"),
 ("boy", "person"),
 ("across room", ""),
 ("side of counter", ""),
 ("side of car", ""),
 ("towards bag", ""),
 ("appliance", "coffee"),
 ("side", ""),
 ("far edge of", ""),
 ("bottle of", ""),
 ("to right of wine bottle", ""),
 ("move wine", ""),
 ("that", "which"),
 ("as he walk around table", ""),
 ("in front of him", ""),
 ("to him", ""),
 ("away from him", ""),
 ("backwards", ""),
 ("then", ""),
 ("together with", "near"),
 ("aside", ""),
 ("beside", "near"),
 ("underneath", "down"),
 ("underneath table", "down"),
 ("slowly", ""),
 ("carefully", ""),
 ("while set aside object", ""),
 ("leftward", "leftwards"), 
 ("next to", "near"),
 ("beside to", "near"),
 ("besides", "near"),
 ("below table", "down"),
 ("outside", "out"),
 ("by", "near"),
 ("rightward", "rightwards"),
 ("inside of", "into"),
 ("inside", "into"),
 ("toward", "towards"),
 ("onto", "on"),
 ("with item", ""),
 ("away from item", ""),
 ("towards item", "")]
