[("set", "put"),
 ("shake", ""),
 ("open", "pour"),
 ("raise", "pick up"),
 ("tilt", "pour"),
 ("tip", "pour"),
 ("be", ""),
 ("be shut door", ""),
 ("take drink", "drink"),
 ("pick up drink", "drink"),
 ("reach for door", ""),
 ("reach for box of cereal", ""),
 ("lift", "pick up"),
 ("none come out of box", ""),
 ("stack", "put"),
 ("attempt to", ""),
 ("remove", "take"),
 ("try to", ""),
 ("place", "put"),
 ("out", ""),
 ("counter", "table"),
 ("pick up apple", ""),
 ("juice", "jar"),
 ("disk", "table"),
 ("milk", "jar"),
 ("from ground", ""),
 ("lift lid off jug", ""),
 ("container", "cup"),
 ("mug", "cup"),
 ("tin", "cup"),
 ("to lip", ""),
 ("jug", "jar"),
 ("desk", "table"),
 ("cereal box", "cereal"),
 ("box of", ""),
 ("from box", ""),
 ("box", "cereal"),
 ("center of", ""),
 ("liquid", "water"),
 ("off of", "from"),
 ("off", "from"),
 ("floor", "ground"),
 ("over", "into"),
 ("above", "into"),
 ("onto", "on"),
 ("inside", "into"),
 ("from inside", "from"),
 ("water from", ""),
 ("water", "jar"),
 ("in between bowl", "between bowl bowl")
]